../Core/Src/main.c:70:1:__io_putchar	16	static
../Core/Src/main.c:83:5:main	40	static,ignoring_inline_asm
../Core/Src/main.c:140:6:SystemClock_Config	88	static
../Core/Src/main.c:181:13:MX_CAN1_Init	8	static
../Core/Src/main.c:218:13:MX_USART1_UART_Init	8	static
../Core/Src/main.c:251:13:MX_USART2_UART_Init	8	static
../Core/Src/main.c:284:13:MX_GPIO_Init	24	static
../Core/Src/main.c:308:6:HAL_TIM_PeriodElapsedCallback	16	static
../Core/Src/main.c:325:6:Error_Handler	4	static,ignoring_inline_asm
